// Vitest Snapshot v1

exports[`should render SearchFeed with text Hello 1`] = `
<h1>
  SearchFeed
  Hello
</h1>
`;
