// Vitest Snapshot v1

exports[`should render VideoDetail with text Hello 1`] = `
<h1>
  VideoDetail
  Hello
</h1>
`;
