// Vitest Snapshot v1

exports[`should render Feed with text Hello 1`] = `
<h1>
  Feed
  Hello
</h1>
`;
